// Jest Snapshot v1, https://goo.gl/fbAQLP

exports[`App tests Basic test 1`] = `
<input
  data-testid="input-id"
  placeholder="input value.."
  type="text"
/>
`;
